[22-Sep-2026 06:23:00 UTC] Landing query error: SQLSTATE[42S02]: Base table or view not found: 1146 Table 'college_notes.downloads' doesn't exist
[22-Sep-2026 06:30:59 UTC] Landing query error: SQLSTATE[42S02]: Base table or view not found: 1146 Table 'college_notes.downloads' doesn't exist
[22-Sep-2026 06:33:15 UTC] Registration Error: SQLSTATE[42S22]: Column not found: 1054 Unknown column 'department' in 'field list'
[22-Sep-2026 06:36:22 UTC] Registration Error: SQLSTATE[42S22]: Column not found: 1054 Unknown column 'department' in 'field list'
[22-Sep-2026 06:49:48 UTC] Registration Error: SQLSTATE[42S22]: Column not found: 1054 Unknown column 'department' in 'field list'
[22-Sep-2026 07:03:16 UTC] Landing query error: SQLSTATE[42S02]: Base table or view not found: 1146 Table 'college_notes.downloads' doesn't exist
[22-Sep-2026 07:04:13 UTC] Landing query error: SQLSTATE[42S02]: Base table or view not found: 1146 Table 'college_notes.downloads' doesn't exist
[22-Sep-2026 07:06:09 UTC] Landing query error: SQLSTATE[42S02]: Base table or view not found: 1146 Table 'college_notes.downloads' doesn't exist
[22-Sep-2026 07:07:32 UTC] Landing query error: SQLSTATE[42S02]: Base table or view not found: 1146 Table 'college_notes.downloads' doesn't exist
[22-Sep-2026 07:08:27 UTC] Rate limit check failed: SQLSTATE[42S02]: Base table or view not found: 1146 Table 'college_notes.login_logs' doesn't exist
[22-Sep-2026 07:08:28 UTC] Recording login attempt failed: SQLSTATE[42S02]: Base table or view not found: 1146 Table 'college_notes.login_logs' doesn't exist
[22-Sep-2026 07:08:28 UTC] Resetting login attempts failed: SQLSTATE[42S02]: Base table or view not found: 1146 Table 'college_notes.login_logs' doesn't exist
[22-Sep-2026 07:08:28 UTC] PHP Fatal error:  Uncaught PDOException: SQLSTATE[42S02]: Base table or view not found: 1146 Table 'college_notes.downloads' doesn't exist in C:\xampp\htdocs\college-notes\admin\dashboard.php:20
Stack trace:
#0 C:\xampp\htdocs\college-notes\admin\dashboard.php(20): PDO->query('SELECT COUNT(*)...')
#1 {main}
  thrown in C:\xampp\htdocs\college-notes\admin\dashboard.php on line 20
[22-Sep-2026 07:08:41 UTC] PHP Fatal error:  Uncaught PDOException: SQLSTATE[42S02]: Base table or view not found: 1146 Table 'college_notes.downloads' doesn't exist in C:\xampp\htdocs\college-notes\admin\dashboard.php:20
Stack trace:
#0 C:\xampp\htdocs\college-notes\admin\dashboard.php(20): PDO->query('SELECT COUNT(*)...')
#1 {main}
  thrown in C:\xampp\htdocs\college-notes\admin\dashboard.php on line 20
[22-Sep-2026 07:10:44 UTC] PHP Fatal error:  Uncaught PDOException: SQLSTATE[42S02]: Base table or view not found: 1146 Table 'college_notes.downloads' doesn't exist in C:\xampp\htdocs\college-notes\admin\dashboard.php:20
Stack trace:
#0 C:\xampp\htdocs\college-notes\admin\dashboard.php(20): PDO->query('SELECT COUNT(*)...')
#1 {main}
  thrown in C:\xampp\htdocs\college-notes\admin\dashboard.php on line 20
[22-Sep-2026 07:10:45 UTC] PHP Fatal error:  Uncaught PDOException: SQLSTATE[42S02]: Base table or view not found: 1146 Table 'college_notes.downloads' doesn't exist in C:\xampp\htdocs\college-notes\admin\dashboard.php:20
Stack trace:
#0 C:\xampp\htdocs\college-notes\admin\dashboard.php(20): PDO->query('SELECT COUNT(*)...')
#1 {main}
  thrown in C:\xampp\htdocs\college-notes\admin\dashboard.php on line 20
[22-Sep-2026 07:10:46 UTC] PHP Fatal error:  Uncaught PDOException: SQLSTATE[42S02]: Base table or view not found: 1146 Table 'college_notes.downloads' doesn't exist in C:\xampp\htdocs\college-notes\admin\dashboard.php:20
Stack trace:
#0 C:\xampp\htdocs\college-notes\admin\dashboard.php(20): PDO->query('SELECT COUNT(*)...')
#1 {main}
  thrown in C:\xampp\htdocs\college-notes\admin\dashboard.php on line 20
[22-Sep-2026 07:10:46 UTC] PHP Fatal error:  Uncaught PDOException: SQLSTATE[42S02]: Base table or view not found: 1146 Table 'college_notes.downloads' doesn't exist in C:\xampp\htdocs\college-notes\admin\dashboard.php:20
Stack trace:
#0 C:\xampp\htdocs\college-notes\admin\dashboard.php(20): PDO->query('SELECT COUNT(*)...')
#1 {main}
  thrown in C:\xampp\htdocs\college-notes\admin\dashboard.php on line 20
[22-Sep-2026 07:10:46 UTC] PHP Fatal error:  Uncaught PDOException: SQLSTATE[42S02]: Base table or view not found: 1146 Table 'college_notes.downloads' doesn't exist in C:\xampp\htdocs\college-notes\admin\dashboard.php:20
Stack trace:
#0 C:\xampp\htdocs\college-notes\admin\dashboard.php(20): PDO->query('SELECT COUNT(*)...')
#1 {main}
  thrown in C:\xampp\htdocs\college-notes\admin\dashboard.php on line 20
[22-Sep-2026 07:11:01 UTC] PHP Fatal error:  Uncaught PDOException: SQLSTATE[42S02]: Base table or view not found: 1146 Table 'college_notes.downloads' doesn't exist in C:\xampp\htdocs\college-notes\admin\dashboard.php:20
Stack trace:
#0 C:\xampp\htdocs\college-notes\admin\dashboard.php(20): PDO->query('SELECT COUNT(*)...')
#1 {main}
  thrown in C:\xampp\htdocs\college-notes\admin\dashboard.php on line 20
[22-Sep-2026 07:11:41 UTC] PHP Fatal error:  Uncaught PDOException: SQLSTATE[42S02]: Base table or view not found: 1146 Table 'college_notes.downloads' doesn't exist in C:\xampp\htdocs\college-notes\admin\dashboard.php:20
Stack trace:
#0 C:\xampp\htdocs\college-notes\admin\dashboard.php(20): PDO->query('SELECT COUNT(*)...')
#1 {main}
  thrown in C:\xampp\htdocs\college-notes\admin\dashboard.php on line 20
[22-Sep-2026 07:11:42 UTC] PHP Fatal error:  Uncaught PDOException: SQLSTATE[42S02]: Base table or view not found: 1146 Table 'college_notes.downloads' doesn't exist in C:\xampp\htdocs\college-notes\admin\dashboard.php:20
Stack trace:
#0 C:\xampp\htdocs\college-notes\admin\dashboard.php(20): PDO->query('SELECT COUNT(*)...')
#1 {main}
  thrown in C:\xampp\htdocs\college-notes\admin\dashboard.php on line 20
[22-Sep-2026 07:14:28 UTC] PHP Fatal error:  Uncaught PDOException: SQLSTATE[42S02]: Base table or view not found: 1146 Table 'college_notes.downloads' doesn't exist in C:\xampp\htdocs\college-notes\admin\dashboard.php:20
Stack trace:
#0 C:\xampp\htdocs\college-notes\admin\dashboard.php(20): PDO->query('SELECT COUNT(*)...')
#1 {main}
  thrown in C:\xampp\htdocs\college-notes\admin\dashboard.php on line 20
[22-Sep-2026 07:14:30 UTC] PHP Fatal error:  Uncaught PDOException: SQLSTATE[42S02]: Base table or view not found: 1146 Table 'college_notes.downloads' doesn't exist in C:\xampp\htdocs\college-notes\admin\dashboard.php:20
Stack trace:
#0 C:\xampp\htdocs\college-notes\admin\dashboard.php(20): PDO->query('SELECT COUNT(*)...')
#1 {main}
  thrown in C:\xampp\htdocs\college-notes\admin\dashboard.php on line 20
[22-Sep-2026 07:16:39 UTC] PHP Warning:  Undefined variable $totalStudents in C:\xampp\htdocs\college-notes\admin\dashboard.php on line 79
[22-Sep-2026 07:16:39 UTC] PHP Warning:  Undefined variable $totalTeachers in C:\xampp\htdocs\college-notes\admin\dashboard.php on line 90
[22-Sep-2026 07:16:39 UTC] PHP Warning:  Undefined variable $totalNotes in C:\xampp\htdocs\college-notes\admin\dashboard.php on line 101
[22-Sep-2026 07:16:39 UTC] PHP Warning:  Undefined variable $publishedNotes in C:\xampp\htdocs\college-notes\admin\dashboard.php on line 102
[22-Sep-2026 07:16:39 UTC] PHP Warning:  Undefined variable $totalDownloads in C:\xampp\htdocs\college-notes\admin\dashboard.php on line 112
[22-Sep-2026 07:16:39 UTC] PHP Warning:  Undefined variable $recentNotes in C:\xampp\htdocs\college-notes\admin\dashboard.php on line 182
[22-Sep-2026 07:16:39 UTC] PHP Warning:  foreach() argument must be of type array|object, null given in C:\xampp\htdocs\college-notes\admin\dashboard.php on line 182
[22-Sep-2026 07:16:39 UTC] PHP Warning:  Undefined variable $recentLogs in C:\xampp\htdocs\college-notes\admin\dashboard.php on line 216
[22-Sep-2026 07:16:39 UTC] PHP Warning:  foreach() argument must be of type array|object, null given in C:\xampp\htdocs\college-notes\admin\dashboard.php on line 216
[22-Sep-2026 07:16:56 UTC] PHP Fatal error:  Uncaught PDOException: SQLSTATE[42S02]: Base table or view not found: 1146 Table 'college_notes.downloads' doesn't exist in C:\xampp\htdocs\college-notes\admin\students\index.php:37
Stack trace:
#0 C:\xampp\htdocs\college-notes\admin\students\index.php(37): PDO->prepare('\n    SELECT s.*...')
#1 {main}
  thrown in C:\xampp\htdocs\college-notes\admin\students\index.php on line 37
[22-Sep-2026 07:17:06 UTC] PHP Fatal error:  Uncaught PDOException: SQLSTATE[42S22]: Column not found: 1054 Unknown column 'department' in 'field list' in C:\xampp\htdocs\college-notes\admin\teachers\index.php:43
Stack trace:
#0 C:\xampp\htdocs\college-notes\admin\teachers\index.php(43): PDO->query('SELECT DISTINCT...')
#1 {main}
  thrown in C:\xampp\htdocs\college-notes\admin\teachers\index.php on line 43
[22-Sep-2026 07:28:38 UTC] Landing query error: SQLSTATE[42S02]: Base table or view not found: 1146 Table 'college_notes.downloads' doesn't exist
[22-Sep-2026 07:28:46 UTC] PHP Warning:  Undefined variable $totalStudents in C:\xampp\htdocs\college-notes\admin\dashboard.php on line 79
[22-Sep-2026 07:28:46 UTC] PHP Warning:  Undefined variable $totalTeachers in C:\xampp\htdocs\college-notes\admin\dashboard.php on line 90
[22-Sep-2026 07:28:46 UTC] PHP Warning:  Undefined variable $totalNotes in C:\xampp\htdocs\college-notes\admin\dashboard.php on line 101
[22-Sep-2026 07:28:46 UTC] PHP Warning:  Undefined variable $publishedNotes in C:\xampp\htdocs\college-notes\admin\dashboard.php on line 102
[22-Sep-2026 07:28:46 UTC] PHP Warning:  Undefined variable $totalDownloads in C:\xampp\htdocs\college-notes\admin\dashboard.php on line 112
[22-Sep-2026 07:28:46 UTC] PHP Warning:  Undefined variable $recentNotes in C:\xampp\htdocs\college-notes\admin\dashboard.php on line 182
[22-Sep-2026 07:28:46 UTC] PHP Warning:  foreach() argument must be of type array|object, null given in C:\xampp\htdocs\college-notes\admin\dashboard.php on line 182
[22-Sep-2026 07:28:46 UTC] PHP Warning:  Undefined variable $recentLogs in C:\xampp\htdocs\college-notes\admin\dashboard.php on line 216
[22-Sep-2026 07:28:46 UTC] PHP Warning:  foreach() argument must be of type array|object, null given in C:\xampp\htdocs\college-notes\admin\dashboard.php on line 216
[22-Sep-2026 07:30:32 UTC] Registration Error: SQLSTATE[42S22]: Column not found: 1054 Unknown column 'student_id' in 'where clause'
[22-Sep-2026 07:32:33 UTC] Registration Error: SQLSTATE[42S22]: Column not found: 1054 Unknown column 'student_id' in 'where clause'
[22-Sep-2026 08:09:12 UTC] PHP Warning:  Undefined variable $totalStudents in C:\xampp\htdocs\college-notes\admin\dashboard.php on line 79
[22-Sep-2026 08:09:12 UTC] PHP Warning:  Undefined variable $totalTeachers in C:\xampp\htdocs\college-notes\admin\dashboard.php on line 90
[22-Sep-2026 08:09:12 UTC] PHP Warning:  Undefined variable $totalNotes in C:\xampp\htdocs\college-notes\admin\dashboard.php on line 101
[22-Sep-2026 08:09:12 UTC] PHP Warning:  Undefined variable $publishedNotes in C:\xampp\htdocs\college-notes\admin\dashboard.php on line 102
[22-Sep-2026 08:09:12 UTC] PHP Warning:  Undefined variable $totalDownloads in C:\xampp\htdocs\college-notes\admin\dashboard.php on line 112
[22-Sep-2026 08:09:12 UTC] PHP Warning:  Undefined variable $recentNotes in C:\xampp\htdocs\college-notes\admin\dashboard.php on line 182
[22-Sep-2026 08:09:12 UTC] PHP Warning:  foreach() argument must be of type array|object, null given in C:\xampp\htdocs\college-notes\admin\dashboard.php on line 182
[22-Sep-2026 08:09:12 UTC] PHP Warning:  Undefined variable $recentLogs in C:\xampp\htdocs\college-notes\admin\dashboard.php on line 216
[22-Sep-2026 08:09:12 UTC] PHP Warning:  foreach() argument must be of type array|object, null given in C:\xampp\htdocs\college-notes\admin\dashboard.php on line 216
